============================= test session starts =============================
platform win32 -- Python 3.12.1, pytest-8.4.1, pluggy-1.6.0 -- C:\Python312\python.exe
cachedir: .pytest_cache
metadata: {'Python': '3.12.1', 'Platform': 'Windows-11-10.0.26100-SP0', 'Packages': {'pytest': '8.4.1', 'pluggy': '1.6.0'}, 'Plugins': {'anyio': '4.9.0', 'langsmith': '0.4.8', 'allure-pytest': '2.15.0', 'html': '4.1.1', 'metadata': '3.1.1'}, 'JAVA_HOME': 'C:\\Program Files\\Java\\jdk-11'}
rootdir: C:\Users\avali\Desktop\Proyectos\vixenbliss_creator\backend
plugins: anyio-4.9.0, langsmith-0.4.8, allure-pytest-2.15.0, html-4.1.1, metadata-3.1.1
collecting ... collected 15 items

tests/test_api_contracts.py::test_health_contract PASSED                 [  6%]
tests/test_api_contracts.py::test_identities_list_requires_user_id_query_contract PASSED [ 13%]
tests/test_api_contracts.py::test_identities_get_avatar_not_found_contract PASSED [ 20%]
tests/test_api_contracts.py::test_content_generate_body_validation_contract PASSED [ 26%]
tests/test_api_contracts.py::test_error_shape_contract_for_unknown_path PASSED [ 33%]
tests/test_content_generate_fallback.py::test_generate_single_content_uses_fallback PASSED [ 40%]
tests/test_dependencies_userid.py::test_query_param_ok PASSED            [ 46%]
tests/test_dependencies_userid.py::test_missing_param_raises PASSED      [ 53%]
tests/test_dependencies_userid.py::test_jwt_success PASSED               [ 60%]
tests/test_dependencies_userid.py::test_jwt_invalid_token PASSED         [ 66%]
tests/test_lora_inference_fallback.py::test_modal_failure_uses_fallback FAILED [ 73%]
tests/test_main.py::test_read_root PASSED                                [ 80%]
tests/test_main.py::test_health_check PASSED                             [ 86%]
tests/test_main.py::test_cors_headers PASSED                             [ 93%]
tests/test_modal_retries.py::test_modal_retries_success PASSED           [100%]

================================== FAILURES ===================================
C:\Users\avali\Desktop\Proyectos\vixenbliss_creator\backend\app\services\lora_inference.py:193: Exception: LoRA inference failed for providers ['modal_sdxl_lora', 'replicate-fallback']. Last error: Unknown LORA provider: replicate-fallback
============================== warnings summary ===============================
app\database.py:68
  C:\Users\avali\Desktop\Proyectos\vixenbliss_creator\backend\app\database.py:68: MovedIn20Warning: The ``declarative_base()`` function is now available as sqlalchemy.orm.declarative_base(). (deprecated since: 2.0) (Background on SQLAlchemy 2.0 at: https://sqlalche.me/e/b8d9)
    Base = declarative_base()

..\..\..\..\..\..\Python312\Lib\site-packages\pydantic\_internal\_config.py:323
..\..\..\..\..\..\Python312\Lib\site-packages\pydantic\_internal\_config.py:323
..\..\..\..\..\..\Python312\Lib\site-packages\pydantic\_internal\_config.py:323
..\..\..\..\..\..\Python312\Lib\site-packages\pydantic\_internal\_config.py:323
..\..\..\..\..\..\Python312\Lib\site-packages\pydantic\_internal\_config.py:323
..\..\..\..\..\..\Python312\Lib\site-packages\pydantic\_internal\_config.py:323
..\..\..\..\..\..\Python312\Lib\site-packages\pydantic\_internal\_config.py:323
  C:\Python312\Lib\site-packages\pydantic\_internal\_config.py:323: PydanticDeprecatedSince20: Support for class-based `config` is deprecated, use ConfigDict instead. Deprecated in Pydantic V2.0 to be removed in V3.0. See Pydantic V2 Migration Guide at https://errors.pydantic.dev/2.11/migration/
    warnings.warn(DEPRECATION_MESSAGE, DeprecationWarning)

tests/test_api_contracts.py::test_identities_list_requires_user_id_query_contract
  C:\Python312\Lib\site-packages\fastapi\dependencies\utils.py:645: DeprecationWarning: 'HTTP_422_UNPROCESSABLE_ENTITY' is deprecated. Use 'HTTP_422_UNPROCESSABLE_CONTENT' instead.
    solved = await call(**solved_result.values)

tests/test_dependencies_userid.py::test_missing_param_raises
  C:\Python312\Lib\asyncio\events.py:84: DeprecationWarning: 'HTTP_422_UNPROCESSABLE_ENTITY' is deprecated. Use 'HTTP_422_UNPROCESSABLE_CONTENT' instead.
    self._context.run(self._callback, *self._args)

-- Docs: https://docs.pytest.org/en/stable/how-to/capture-warnings.html
=========================== short test summary info ===========================
FAILED tests/test_lora_inference_fallback.py::test_modal_failure_uses_fallback
================== 1 failed, 14 passed, 10 warnings in 3.79s ==================
